16:58:50 **** Build of configuration Debug for project Exercise 1 - Digital IO ****
make -j8 all 
arm-none-eabi-gcc -mcpu=cortex-m4 -g3 -DDEBUG -c -x assembler-with-cpp -MMD -MP -MF"Startup/startup_stm32f303vctx.d" -MT"Startup/startup_stm32f303vctx.o" --specs=nano.specs -mfpu=fpv4-sp-d16 -mfloat-abi=hard -mthumb -o "Startup/startup_stm32f303vctx.o" "../Startup/startup_stm32f303vctx.s"
arm-none-eabi-gcc "../Src/main.c" -mcpu=cortex-m4 -std=gnu11 -g3 -DDEBUG -DSTM32F303VCTx -DSTM32 -DSTM32F3 -DSTM32F3DISCOVERY -c -I../Inc -O0 -ffunction-sections -fdata-sections -Wall -fstack-usage -fcyclomatic-complexity -MMD -MP -MF"Src/main.d" -MT"Src/main.o" --specs=nano.specs -mfpu=fpv4-sp-d16 -mfloat-abi=hard -mthumb -o "Src/main.o"
arm-none-eabi-gcc "../Src/syscalls.c" -mcpu=cortex-m4 -std=gnu11 -g3 -DDEBUG -DSTM32F303VCTx -DSTM32 -DSTM32F3 -DSTM32F3DISCOVERY -c -I../Inc -O0 -ffunction-sections -fdata-sections -Wall -fstack-usage -fcyclomatic-complexity -MMD -MP -MF"Src/syscalls.d" -MT"Src/syscalls.o" --specs=nano.specs -mfpu=fpv4-sp-d16 -mfloat-abi=hard -mthumb -o "Src/syscalls.o"
arm-none-eabi-gcc "../Src/sysmem.c" -mcpu=cortex-m4 -std=gnu11 -g3 -DDEBUG -DSTM32F303VCTx -DSTM32 -DSTM32F3 -DSTM32F3DISCOVERY -c -I../Inc -O0 -ffunction-sections -fdata-sections -Wall -fstack-usage -fcyclomatic-complexity -MMD -MP -MF"Src/sysmem.d" -MT"Src/sysmem.o" --specs=nano.specs -mfpu=fpv4-sp-d16 -mfloat-abi=hard -mthumb -o "Src/sysmem.o"
../Src/main.c:22:4: warning: #warning "FPU is not initialized, but the project is compiling for an FPU. Please initialize the FPU before use." [-Wcpp]
   22 |   #warning "FPU is not initialized, but the project is compiling for an FPU. Please initialize the FPU before use."
      |    ^~~~~~~
arm-none-eabi-gcc -o "Exercise 1 - Digital IO.elf" @"objects.list"   -mcpu=cortex-m4 -T"C:\Users\conno\Documents\MTRX2700\Assignment 2\MTRX2700-Assignment-2\Exercise 1 - Digital IO\STM32F303VCTX_FLASH.ld" --specs=nosys.specs -Wl,-Map="Exercise 1 - Digital IO.map" -Wl,--gc-sections -static --specs=nano.specs -mfpu=fpv4-sp-d16 -mfloat-abi=hard -mthumb -Wl,--start-group -lc -lm -Wl,--end-group
Finished building target: Exercise 1 - Digital IO.elf
 
arm-none-eabi-size  Exercise\ 1\ -\ Digital\ IO.elf 
arm-none-eabi-objdump -h -S Exercise\ 1\ -\ Digital\ IO.elf  > "Exercise 1 - Digital IO.list"
   text	   data	    bss	    dec	    hex	filename
    664	      0	   1568	   2232	    8b8	Exercise 1 - Digital IO.elf
Finished building: default.size.stdout
 
Finished building: Exercise 1 - Digital IO.list
 
16:58:55 **** Incremental Build of configuration Debug for project Exercise 1 - Digital IO ****
make -j8 all 
arm-none-eabi-size  Exercise\ 1\ -\ Digital\ IO.elf 
   text	   data	    bss	    dec	    hex	filename
    664	      0	   1568	   2232	    8b8	Exercise 1 - Digital IO.elf
Finished building: default.size.stdout
 
16:59:50 **** Incremental Build of configuration Debug for project Exercise 1 - Digital IO ****
make -j8 all 
arm-none-eabi-gcc "../Src/main.c" -mcpu=cortex-m4 -std=gnu11 -g3 -DDEBUG -DSTM32F303VCTx -DSTM32 -DSTM32F3 -DSTM32F3DISCOVERY -c -I../Inc -O0 -ffunction-sections -fdata-sections -Wall -fstack-usage -fcyclomatic-complexity -MMD -MP -MF"Src/main.d" -MT"Src/main.o" --specs=nano.specs -mfpu=fpv4-sp-d16 -mfloat-abi=hard -mthumb -o "Src/main.o"
../Src/main.c:20:10: fatal error: stm32f303xc.h: No such file or directory
   20 | #include "stm32f303xc.h"
      |          ^~~~~~~~~~~~~~~
compilation terminated.
make: *** [Src/subdir.mk:25: Src/main.o] Error 1
"make -j8 all" terminated with exit code 2. Build might be incomplete.
17:01:52 **** Incremental Build of configuration Debug for project Exercise 1 - Digital IO ****
make -j8 all 
arm-none-eabi-gcc "../Src/main.c" -mcpu=cortex-m4 -std=gnu11 -g3 -DDEBUG -DSTM32F303VCTx -DSTM32 -DSTM32F3 -DSTM32F3DISCOVERY -c -I../Inc -I"C:/Users/conno/Documents/MTRX2700/Assignment 2/MTRX2700-Assignment-2/stm32f303-definitions" -O0 -ffunction-sections -fdata-sections -Wall -fstack-usage -fcyclomatic-complexity -MMD -MP -MF"Src/main.d" -MT"Src/main.o" --specs=nano.specs -mfpu=fpv4-sp-d16 -mfloat-abi=hard -mthumb -o "Src/main.o"
arm-none-eabi-gcc "../Src/syscalls.c" -mcpu=cortex-m4 -std=gnu11 -g3 -DDEBUG -DSTM32F303VCTx -DSTM32 -DSTM32F3 -DSTM32F3DISCOVERY -c -I../Inc -I"C:/Users/conno/Documents/MTRX2700/Assignment 2/MTRX2700-Assignment-2/stm32f303-definitions" -O0 -ffunction-sections -fdata-sections -Wall -fstack-usage -fcyclomatic-complexity -MMD -MP -MF"Src/syscalls.d" -MT"Src/syscalls.o" --specs=nano.specs -mfpu=fpv4-sp-d16 -mfloat-abi=hard -mthumb -o "Src/syscalls.o"
arm-none-eabi-gcc "../Src/sysmem.c" -mcpu=cortex-m4 -std=gnu11 -g3 -DDEBUG -DSTM32F303VCTx -DSTM32 -DSTM32F3 -DSTM32F3DISCOVERY -c -I../Inc -I"C:/Users/conno/Documents/MTRX2700/Assignment 2/MTRX2700-Assignment-2/stm32f303-definitions" -O0 -ffunction-sections -fdata-sections -Wall -fstack-usage -fcyclomatic-complexity -MMD -MP -MF"Src/sysmem.d" -MT"Src/sysmem.o" --specs=nano.specs -mfpu=fpv4-sp-d16 -mfloat-abi=hard -mthumb -o "Src/sysmem.o"
../Src/main.c:20:10: fatal error: stm32f303xc.h: No such file or directory
   20 | #include "stm32f303xc.h"
      |          ^~~~~~~~~~~~~~~
compilation terminated.
make: *** [Src/subdir.mk:25: Src/main.o] Error 1
make: *** Waiting for unfinished jobs....
"make -j8 all" terminated with exit code 2. Build might be incomplete.
17:03:04 **** Incremental Build of configuration Debug for project Exercise 1 - Digital IO ****
make -j8 all 
arm-none-eabi-gcc "../Src/main.c" -mcpu=cortex-m4 -std=gnu11 -g3 -DDEBUG -DSTM32F303VCTx -DSTM32 -DSTM32F3 -DSTM32F3DISCOVERY -c -I../Inc -I"C:/Users/conno/Documents/MTRX2700/Assignment 2/MTRX2700-Assignment-2/stm32f303-definitions/Core/Inc" -O0 -ffunction-sections -fdata-sections -Wall -fstack-usage -fcyclomatic-complexity -MMD -MP -MF"Src/main.d" -MT"Src/main.o" --specs=nano.specs -mfpu=fpv4-sp-d16 -mfloat-abi=hard -mthumb -o "Src/main.o"
arm-none-eabi-gcc "../Src/syscalls.c" -mcpu=cortex-m4 -std=gnu11 -g3 -DDEBUG -DSTM32F303VCTx -DSTM32 -DSTM32F3 -DSTM32F3DISCOVERY -c -I../Inc -I"C:/Users/conno/Documents/MTRX2700/Assignment 2/MTRX2700-Assignment-2/stm32f303-definitions/Core/Inc" -O0 -ffunction-sections -fdata-sections -Wall -fstack-usage -fcyclomatic-complexity -MMD -MP -MF"Src/syscalls.d" -MT"Src/syscalls.o" --specs=nano.specs -mfpu=fpv4-sp-d16 -mfloat-abi=hard -mthumb -o "Src/syscalls.o"
arm-none-eabi-gcc "../Src/sysmem.c" -mcpu=cortex-m4 -std=gnu11 -g3 -DDEBUG -DSTM32F303VCTx -DSTM32 -DSTM32F3 -DSTM32F3DISCOVERY -c -I../Inc -I"C:/Users/conno/Documents/MTRX2700/Assignment 2/MTRX2700-Assignment-2/stm32f303-definitions/Core/Inc" -O0 -ffunction-sections -fdata-sections -Wall -fstack-usage -fcyclomatic-complexity -MMD -MP -MF"Src/sysmem.d" -MT"Src/sysmem.o" --specs=nano.specs -mfpu=fpv4-sp-d16 -mfloat-abi=hard -mthumb -o "Src/sysmem.o"
../Src/main.c:24:4: warning: #warning "FPU is not initialized, but the project is compiling for an FPU. Please initialize the FPU before use." [-Wcpp]
   24 |   #warning "FPU is not initialized, but the project is compiling for an FPU. Please initialize the FPU before use."
      |    ^~~~~~~
arm-none-eabi-gcc -o "Exercise 1 - Digital IO.elf" @"objects.list"   -mcpu=cortex-m4 -T"C:\Users\conno\Documents\MTRX2700\Assignment 2\MTRX2700-Assignment-2\Exercise 1 - Digital IO\STM32F303VCTX_FLASH.ld" --specs=nosys.specs -Wl,-Map="Exercise 1 - Digital IO.map" -Wl,--gc-sections -static --specs=nano.specs -mfpu=fpv4-sp-d16 -mfloat-abi=hard -mthumb -Wl,--start-group -lc -lm -Wl,--end-group
Finished building target: Exercise 1 - Digital IO.elf
 
arm-none-eabi-size  Exercise\ 1\ -\ Digital\ IO.elf 
arm-none-eabi-objdump -h -S Exercise\ 1\ -\ Digital\ IO.elf  > "Exercise 1 - Digital IO.list"
   text	   data	    bss	    dec	    hex	filename
    900	      0	   1568	   2468	    9a4	Exercise 1 - Digital IO.elf
Finished building: default.size.stdout
 
Finished building: Exercise 1 - Digital IO.list
 
17:03:52 **** Incremental Build of configuration Debug for project Exercise 1 - Digital IO ****
make -j8 all 
arm-none-eabi-size  Exercise\ 1\ -\ Digital\ IO.elf 
   text	   data	    bss	    dec	    hex	filename
    900	      0	   1568	   2468	    9a4	Exercise 1 - Digital IO.elf
Finished building: default.size.stdout
 
